[www.helenaveenvantoen.nl/index.html]
[www.helenaveenvantoen.nl/homea409]
[www.helenaveenvantoen.nl/search.html]
[www.helenaveenvantoen.nl/new-page-1.html]
[www.helenaveenvantoen.nl/oorlog-1.html]
[www.helenaveenvantoen.nl/page1-3.html]
[www.helenaveenvantoen.nl/new-page-3.html]
[www.helenaveenvantoen.nl/turfgraven.html]
[www.helenaveenvantoen.nl/page1-1.html]
[www.helenaveenvantoen.nl/fotos-1.html]
[www.helenaveenvantoen.nl/page1.html]
[www.helenaveenvantoen.nl/laatste_bijdragen_wijzigingen.html]
[www.helenaveenvantoen.nl/index.html]
[www.helenaveenvantoen.nl/assets/ui-icons.svg]
[www.helenaveenvantoen.nl/search.html]
[www.helenaveenvantoen.nl/inleiding.html]
[www.helenaveenvantoen.nl/colofon.html]
[www.helenaveenvantoen.nl/carp-slavernij.html]
[www.helenaveenvantoen.nl/herdenking-80-jaar-bevrijding.html]
[www.helenaveenvantoen.nl/grond_van_bestaan.html]
[www.helenaveenvantoen.nl/janske_pardoel.html]
[www.helenaveenvantoen.nl/pierre-kartner-vader-abraham-overleden.html]
[www.helenaveenvantoen.nl/jules-de-corte.html]
[www.helenaveenvantoen.nl/anton-van-den-hurk.html]
[www.helenaveenvantoen.nl/erkelens_stieneke.html]
[www.helenaveenvantoen.nl/dacboek-opperwachtmeester-versteegen.html]
[www.helenaveenvantoen.nl/wehrmachtshuisje.html]
[www.helenaveenvantoen.nl/gedeporteerden-kerkrazzia.html]
[www.helenaveenvantoen.nl/gesneuvelden-in-helenaveen.html]
[www.helenaveenvantoen.nl/mijnenruimen-aan-de-lagebrugweg.html]
[www.helenaveenvantoen.nl/de-aanslag.html]
[www.helenaveenvantoen.nl/het-drama-van-het-joods-meisje.html]
[www.helenaveenvantoen.nl/mien-crommentuijn.html]
[www.helenaveenvantoen.nl/martien-rutten.html]
[www.helenaveenvantoen.nl/jan-van-teeffelen.html]
[www.helenaveenvantoen.nl/annie-van-esseveldt-anker.html]
[www.helenaveenvantoen.nl/riek-van-esseveldt-snieder.html]
[www.helenaveenvantoen.nl/riki-bakker.html]
[www.helenaveenvantoen.nl/geert-schonewille.html]
[www.helenaveenvantoen.nl/dirk-en-dina-van-de-bovenkamp.html]
[www.helenaveenvantoen.nl/jan-sonnemans.html]
[www.helenaveenvantoen.nl/marietje-van-horen-van-der-werf.html]
[www.helenaveenvantoen.nl/helenaveense-militairen-in-de-mobilisatie.html]
[www.helenaveenvantoen.nl/broeder-leonard.html]
[www.helenaveenvantoen.nl/pietertje-de-vries.html]
[www.helenaveenvantoen.nl/oorlogsverslag-bd-van-schelven.html]
[www.helenaveenvantoen.nl/het-mijnen-drama-bij-de-bevrijding.html]
[www.helenaveenvantoen.nl/de-peel-onder-vuur.html]
[www.helenaveenvantoen.nl/verslag-kapitein.html]
[www.helenaveenvantoen.nl/het-boek.html]
[www.helenaveenvantoen.nl/familieklerks.html]
[www.helenaveenvantoen.nl/boekweitteelt.html]
[www.helenaveenvantoen.nl/tabakstelersrs-uit-gelderland.html]
[www.helenaveenvantoen.nl/de-tuinbouw.html]
[www.helenaveenvantoen.nl/de-tuinbouwvereniging.html]
[www.helenaveenvantoen.nl/familie-erkelens.html]
[www.helenaveenvantoen.nl/wilhelminahoeve.html]
[www.helenaveenvantoen.nl/famanker_kaas.html]
[www.helenaveenvantoen.nl/riky-bakker-mijn-werk-op-de-tuinderij.html]
[www.helenaveenvantoen.nl/beringse-tram.html]
[www.helenaveenvantoen.nl/turfstrooiselfabriek.html]
[www.helenaveenvantoen.nl/helenaveen-een-oase-in-de-woestijn.html]
[www.helenaveenvantoen.nl/ontstaan-helenaveen.html]
[www.helenaveenvantoen.nl/bezittingen-mij-1858.html]
[www.helenaveenvantoen.nl/de-kaar-van-deel-1.html]
[www.helenaveenvantoen.nl/grauwveenkaart-sevenum-1889.html]
[www.helenaveenvantoen.nl/wat-zal-er-worden-van-de-peel.html]
[www.helenaveenvantoen.nl/antwoord-janssens-aan-jvdgriendt.html]
[www.helenaveenvantoen.nl/cao-helenaveen.html]
[www.helenaveenvantoen.nl/helenaveen-in-handelsbelangen.html]
[www.helenaveenvantoen.nl/bosch_eigenhaard.html]
[www.helenaveenvantoen.nl/coolen_helenaveen.html]
[www.helenaveenvantoen.nl/tijdschrift_econ_geographie.html]
[www.helenaveenvantoen.nl/eeneeuwhelenaveen.html]
[www.helenaveenvantoen.nl/station-helenaveen.html]
[www.helenaveenvantoen.nl/steenkool.html]
[www.helenaveenvantoen.nl/zinkske-ss-kamp.html]
[www.helenaveenvantoen.nl/hugo_de_vries.html]
[www.helenaveenvantoen.nl/spookverhalen.html]
[www.helenaveenvantoen.nl/pijlpunt.html]
[www.helenaveenvantoen.nl/delacourt_peelbedenkingen.html]
[www.helenaveenvantoen.nl/de-geschiedenis-van-helenaveen-door-zr.html]
[www.helenaveenvantoen.nl/geschiedenis-in-jaartallen.html]
[www.helenaveenvantoen.nl/dominee-grashof.html]
[www.helenaveenvantoen.nl/kermis-1895.html]
[www.helenaveenvantoen.nl/schalekamp-meisjesschool.html]
[www.helenaveenvantoen.nl/schalekamp-kermis.html]
[www.helenaveenvantoen.nl/schalekamp-socialisten.html]
[www.helenaveenvantoen.nl/new-page-2.html]
[www.helenaveenvantoen.nl/een-romein-komt-om-in-de-peel.html]
[www.helenaveenvantoen.nl/huibrecht-schalekamp-komt-om-in-de-bermuda-driehoek.html]
[www.helenaveenvantoen.nl/bertrutten.html]
[www.helenaveenvantoen.nl/memori.html]
[www.helenaveenvantoen.nl/new-page-1.html]
[www.helenaveenvantoen.nl/krantenartikelen.html]
[www.helenaveenvantoen.nl/oorlog-1.html]
[www.helenaveenvantoen.nl/verhalen-van-ooggetuigen.html]
[www.helenaveenvantoen.nl/scholen.html]
[www.helenaveenvantoen.nl/kerken.html]
[www.helenaveenvantoen.nl/page1-3.html]
[www.helenaveenvantoen.nl/new-page-3.html]
[www.helenaveenvantoen.nl/kloosters.html]
[www.helenaveenvantoen.nl/turfgraven.html]
[www.helenaveenvantoen.nl/page1-1.html]
[www.helenaveenvantoen.nl/turfgraven-2.html]
[www.helenaveenvantoen.nl/ansichtkaarten.html]
[www.helenaveenvantoen.nl/geluid.html]
[www.helenaveenvantoen.nl/fotos-2.html]
[www.helenaveenvantoen.nl/film-links.html]
[www.helenaveenvantoen.nl/fotos-1.html]
[www.helenaveenvantoen.nl/page1.html]
[www.helenaveenvantoen.nl/links.html]
[www.helenaveenvantoen.nl/kerkhof.html]
[www.helenaveenvantoen.nl/executie-verzetsman-bij-de-nassou-hoeve.html]
[www.helenaveenvantoen.nl/fotos-verhaal-bosch.html]
[www.helenaveenvantoen.nl/gereformeerde-kerk.html]
[www.helenaveenvantoen.nl/de-juliana-hoeve.html]
[www.helenaveenvantoen.nl/de-emmahoeve.html]
[www.helenaveenvantoen.nl/laatste_bijdragen_wijzigingen.html]
[www.helenaveenvantoen.nl/inleiding.html]
[www.helenaveenvantoen.nl/colofon.html]
[www.helenaveenvantoen.nl/carp-slavernij.html]
[www.helenaveenvantoen.nl/herdenking-80-jaar-bevrijding.html]
[www.helenaveenvantoen.nl/grond_van_bestaan.html]
[www.helenaveenvantoen.nl/janske_pardoel.html]
[www.helenaveenvantoen.nl/pierre-kartner-vader-abraham-overleden.html]
[www.helenaveenvantoen.nl/jules-de-corte.html]
[www.helenaveenvantoen.nl/anton-van-den-hurk.html]
[www.helenaveenvantoen.nl/erkelens_stieneke.html]
[www.helenaveenvantoen.nl/dacboek-opperwachtmeester-versteegen.html]
[www.helenaveenvantoen.nl/wehrmachtshuisje.html]
[www.helenaveenvantoen.nl/gedeporteerden-kerkrazzia.html]
[www.helenaveenvantoen.nl/gesneuvelden-in-helenaveen.html]
[www.helenaveenvantoen.nl/mijnenruimen-aan-de-lagebrugweg.html]
[www.helenaveenvantoen.nl/de-aanslag.html]
[www.helenaveenvantoen.nl/het-drama-van-het-joods-meisje.html]
[www.helenaveenvantoen.nl/de-koningshoeven.html]
[www.helenaveenvantoen.nl/_/www.youtube.com/embed/ROxmbHLAUVM.6c9ae1.delayed]
[www.helenaveenvantoen.nl/_/www.youtube.com/embed/ROxmbHLAUVM.6d8344.delayed]
[www.helenaveenvantoen.nl/mien-crommentuijn.html]
[www.helenaveenvantoen.nl/_/www.youtube.com/embed/GQFktHBwWME.6e9ae1.delayed]
[www.helenaveenvantoen.nl/_/www.youtube.com/embed/GQFktHBwWME.6f8344.delayed]
[www.helenaveenvantoen.nl/martien-rutten.html]
[www.helenaveenvantoen.nl/_/www.youtube.com/embed/yF7Y8JcKx5I.709ae1.delayed]
[www.helenaveenvantoen.nl/_/www.youtube.com/embed/yF7Y8JcKx5I.718344.delayed]
[www.helenaveenvantoen.nl/jan-van-teeffelen.html]
[www.helenaveenvantoen.nl/annie-van-esseveldt-anker.html]
[www.helenaveenvantoen.nl/riek-van-esseveldt-snieder.html]
[www.helenaveenvantoen.nl/_/www.youtube.com/embed/mDaLB3642kc.729ae1.delayed]
[www.helenaveenvantoen.nl/_/www.youtube.com/embed/mDaLB3642kc.738344.delayed]
[www.helenaveenvantoen.nl/riki-bakker.html]
[www.helenaveenvantoen.nl/geert-schonewille.html]
[www.helenaveenvantoen.nl/_/www.youtube.com/embed/HGIobe7iVHA.749ae1.delayed]
[www.helenaveenvantoen.nl/_/www.youtube.com/embed/HGIobe7iVHA.758344.delayed]
[www.helenaveenvantoen.nl/dirk-en-dina-van-de-bovenkamp.html]
[www.helenaveenvantoen.nl/jan-sonnemans.html]
[www.helenaveenvantoen.nl/_/www.youtube.com/embed/qYUaFxdIoDA.769ae1.delayed]
[www.helenaveenvantoen.nl/_/www.youtube.com/embed/qYUaFxdIoDA.778344.delayed]
[www.helenaveenvantoen.nl/marietje-van-horen-van-der-werf.html]
[www.helenaveenvantoen.nl/helenaveense-militairen-in-de-mobilisatie.html]
[www.helenaveenvantoen.nl/broeder-leonard.html]
[www.helenaveenvantoen.nl/pietertje-de-vries.html]
[www.helenaveenvantoen.nl/oorlogsverslag-bd-van-schelven.html]
[www.helenaveenvantoen.nl/het-mijnen-drama-bij-de-bevrijding.html]
[www.helenaveenvantoen.nl/de-peel-onder-vuur.html]
[www.helenaveenvantoen.nl/verslag-kapitein.html]
[www.helenaveenvantoen.nl/het-boek.html]
[www.helenaveenvantoen.nl/familieklerks.html]
[www.helenaveenvantoen.nl/boekweitteelt.html]
[www.helenaveenvantoen.nl/tabakstelersrs-uit-gelderland.html]
[www.helenaveenvantoen.nl/de-tuinbouw.html]
[www.helenaveenvantoen.nl/de-tuinbouwvereniging.html]
[www.helenaveenvantoen.nl/familie-erkelens.html]
[www.helenaveenvantoen.nl/wilhelminahoeve.html]
[www.helenaveenvantoen.nl/famanker_kaas.html]
[www.helenaveenvantoen.nl/riky-bakker-mijn-werk-op-de-tuinderij.html]
[www.helenaveenvantoen.nl/beringse-tram.html]
[www.helenaveenvantoen.nl/turfstrooiselfabriek.html]
[www.helenaveenvantoen.nl/helenaveen-een-oase-in-de-woestijn.html]
[www.helenaveenvantoen.nl/peelraamstelling.html]
[www.helenaveenvantoen.nl/andries_wouters_docs.html]
[www.helenaveenvantoen.nl/ontstaan-helenaveen.html]
[www.helenaveenvantoen.nl/bezittingen-mij-1858.html]
[www.helenaveenvantoen.nl/de-kaar-van-deel-1.html]
[www.helenaveenvantoen.nl/grauwveenkaart-sevenum-1889.html]
[www.helenaveenvantoen.nl/wat-zal-er-worden-van-de-peel.html]
[www.helenaveenvantoen.nl/antwoord-janssens-aan-jvdgriendt.html]
[www.helenaveenvantoen.nl/cao-helenaveen.html]
[www.helenaveenvantoen.nl/helenaveen-in-handelsbelangen.html]
[www.helenaveenvantoen.nl/bosch_eigenhaard.html]
[www.helenaveenvantoen.nl/coolen_helenaveen.html]
[www.helenaveenvantoen.nl/tijdschrift_econ_geographie.html]
[www.helenaveenvantoen.nl/eeneeuwhelenaveen.html]
[www.helenaveenvantoen.nl/station-helenaveen.html]
[www.helenaveenvantoen.nl/steenkool.html]
[www.helenaveenvantoen.nl/zinkske-ss-kamp.html]
[www.helenaveenvantoen.nl/hugo_de_vries.html]
[www.helenaveenvantoen.nl/spookverhalen.html]
[www.helenaveenvantoen.nl/pijlpunt.html]
[www.helenaveenvantoen.nl/delacourt_peelbedenkingen.html]
[www.helenaveenvantoen.nl/de-geschiedenis-van-helenaveen-door-zr.html]
[www.helenaveenvantoen.nl/geschiedenis-in-jaartallen.html]
[www.helenaveenvantoen.nl/dominee-grashof.html]
[www.helenaveenvantoen.nl/kermis-1895.html]
[www.helenaveenvantoen.nl/schalekamp-meisjesschool.html]
[www.helenaveenvantoen.nl/schalekamp-kermis.html]
[www.helenaveenvantoen.nl/schalekamp-socialisten.html]
[www.helenaveenvantoen.nl/new-page-2.html]
[www.helenaveenvantoen.nl/een-romein-komt-om-in-de-peel.html]
[www.helenaveenvantoen.nl/huibrecht-schalekamp-komt-om-in-de-bermuda-driehoek.html]
[www.helenaveenvantoen.nl/bertrutten.html]
[www.helenaveenvantoen.nl/memori.html]
[www.helenaveenvantoen.nl/krantenartikelen.html]
[www.helenaveenvantoen.nl/marinusswanenbergdocs.html]
[www.helenaveenvantoen.nl/verhalen-van-ooggetuigen.html]
[www.helenaveenvantoen.nl/scholen.html]
[www.helenaveenvantoen.nl/kerken.html]
[www.helenaveenvantoen.nl/kloosters.html]
[www.helenaveenvantoen.nl/turfgraven-2.html]
[www.helenaveenvantoen.nl/ansichtkaarten.html]
[www.helenaveenvantoen.nl/geluid.html]
[www.helenaveenvantoen.nl/fotos-2.html]
[www.helenaveenvantoen.nl/film-links.html]
[www.helenaveenvantoen.nl/links.html]
[www.helenaveenvantoen.nl/kerkhof.html]
[www.helenaveenvantoen.nl/executie-verzetsman-bij-de-nassou-hoeve.html]
[www.helenaveenvantoen.nl/fotos-verhaal-bosch.html]
[www.helenaveenvantoen.nl/gereformeerde-kerk.html]
[www.helenaveenvantoen.nl/de-juliana-hoeve.html]
[www.helenaveenvantoen.nl/de-emmahoeve.html]
[www.helenaveenvantoen.nl/de-koningshoeven.html]
[www.helenaveenvantoen.nl/_/www.youtube.com/embed/ROxmbHLAUVM9ae1.html]
[www.helenaveenvantoen.nl/_/www.youtube.com/embed/ROxmbHLAUVM8344.html]
[www.helenaveenvantoen.nl/_/www.youtube.com/embed/GQFktHBwWME9ae1.html]
[www.helenaveenvantoen.nl/_/www.youtube.com/embed/GQFktHBwWME8344.html]
[www.helenaveenvantoen.nl/_/www.youtube.com/embed/yF7Y8JcKx5I9ae1.html]
[www.helenaveenvantoen.nl/_/www.youtube.com/embed/yF7Y8JcKx5I8344.html]
[www.helenaveenvantoen.nl/_/www.youtube.com/embed/mDaLB3642kc9ae1.html]
[www.helenaveenvantoen.nl/_/www.youtube.com/embed/mDaLB3642kc8344.html]
[www.helenaveenvantoen.nl/_/www.youtube.com/embed/HGIobe7iVHA9ae1.html]
[www.helenaveenvantoen.nl/_/www.youtube.com/embed/HGIobe7iVHA8344.html]
[www.helenaveenvantoen.nl/_/www.youtube.com/embed/qYUaFxdIoDA9ae1.html]
[www.helenaveenvantoen.nl/_/www.youtube.com/embed/qYUaFxdIoDA8344.html]
[www.helenaveenvantoen.nl/peelraamstelling.html]
[www.helenaveenvantoen.nl/andries_wouters_docs.html]
[www.helenaveenvantoen.nl/marinusswanenbergdocs.html]
[www.helenaveenvantoen.nl/de-kaart.html]
[www.helenaveenvantoen.nl/de-kaart.html]
