[www.helenaveenvantoen.nl/index.html]
[www.helenaveenvantoen.nl/homea409]
[static1.squarespace.com/static/sitecss/5d43f94f93ac690001e770a7/80/55f0aac0e4b0f0a5b7e0b22e/5d5bdf309eddbd00017f4cb4/354/site.css]
[www.helenaveenvantoen.nl/search.html]
[www.helenaveenvantoen.nl/new-page-1.html]
[www.helenaveenvantoen.nl/oorlog-1.html]
[www.helenaveenvantoen.nl/page1-3.html]
[www.helenaveenvantoen.nl/new-page-3.html]
[www.helenaveenvantoen.nl/turfgraven.html]
[www.helenaveenvantoen.nl/page1-1.html]
[www.helenaveenvantoen.nl/fotos-1.html]
[www.helenaveenvantoen.nl/page1.html]
[www.helenaveenvantoen.nl/laatste_bijdragen_wijzigingen.html]
[www.helenaveenvantoen.nl/index.html]
[static1.squarespace.com/static/sitecss/5d43f94f93ac690001e770a7/80/55f0aac0e4b0f0a5b7e0b22e/5d5bdf309eddbd00017f4cb4/354/site.css]
[www.helenaveenvantoen.nl/assets/ui-icons.svg]
[www.helenaveenvantoen.nl/search.html]
[www.helenaveenvantoen.nl/new-page-1.html]
[www.helenaveenvantoen.nl/oorlog-1.html]
[www.helenaveenvantoen.nl/page1-3.html]
[www.helenaveenvantoen.nl/new-page-3.html]
[www.helenaveenvantoen.nl/turfgraven.html]
[www.helenaveenvantoen.nl/page1-1.html]
[www.helenaveenvantoen.nl/fotos-1.html]
[www.helenaveenvantoen.nl/page1.html]
[www.helenaveenvantoen.nl/laatste_bijdragen_wijzigingen.html]
[images.squarespace-cdn.com/content/v1/5d43f94f93ac690001e770a7/1635708788027-6QVL3BJHV99TWX5PFKHU/kop+startpagina+2.jpg]
